// Jest Snapshot v1, https://goo.gl/fbAQLP

exports[`Hotel Panel Component renders correctly 1`] = `
<View
  accessible={true}
  collapsable={false}
  focusable={true}
  onBlur={[Function]}
  onClick={[Function]}
  onFocus={[Function]}
  onResponderGrant={[Function]}
  onResponderMove={[Function]}
  onResponderRelease={[Function]}
  onResponderTerminate={[Function]}
  onResponderTerminationRequest={[Function]}
  onStartShouldSetResponder={[Function]}
  style={
    Object {
      "flex": 1,
      "flexDirection": "row",
    }
  }
  testID="hotel-panel-container"
>
  <View
    collapsable={false}
  >
    <View
      style={
        Object {
          "backgroundColor": "#000000",
        }
      }
    >
      <Image
        resizeMode="cover"
        source={1}
        style={
          Object {
            "height": "100%",
            "opacity": 0.6,
            "width": 100,
          }
        }
      />
    </View>
  </View>
  <View
    style={
      Object {
        "alignItems": "center",
        "backgroundColor": "#F7F1E9",
        "borderRadius": 3,
        "flexDirection": "row",
        "left": 30,
        "paddingHorizontal": 10,
        "paddingVertical": 5,
        "position": "absolute",
        "right": undefined,
        "top": 10,
      }
    }
  >
    <Text>
      4.5
    </Text>
    <Text />
  </View>
  <View
    style={
      Object {
        "flex": 1,
        "padding": 10,
      }
    }
  >
    <Text
      numberOfLines={1}
      style={
        Object {
          "fontSize": 18,
          "fontWeight": "500",
        }
      }
    >
      Gdfgdf
    </Text>
    <View
      style={
        Object {
          "alignItems": "center",
          "flexDirection": "row",
          "marginTop": 10,
        }
      }
    >
      <Text />
      <Text
        numberOfLines={2}
      >
        1.2
         km from city center
      </Text>
    </View>
    <View
      style={
        Object {
          "borderBottomColor": "#000000",
          "borderBottomWidth": 0.5,
          "marginBottom": 10,
          "marginVertical": 10,
          "width": "100%",
        }
      }
    />
    <Text>
      From
       
      <Text
        style={
          Object {
            "color": "#B26422",
            "fontWeight": "600",
          }
        }
      >
        75
        â‚¬/Night
      </Text>
    </Text>
  </View>
</View>
`;
